// Vitest Snapshot v1, https://vitest.dev/guide/snapshot.html

exports[`LongitudinalChart.vue > snapshots > renders with different task 1`] = `"<div class="px-2 pt-2 h-64 rounded border border-gray-100 border-solid" style="height: 10rem;"><canvas class="w-full h-full"></canvas></div>"`;

exports[`LongitudinalChart.vue > snapshots > renders with longitudinal data 1`] = `"<div class="px-2 pt-2 h-64 rounded border border-gray-100 border-solid" style="height: 10rem;"><canvas class="w-full h-full"></canvas></div>"`;

exports[`LongitudinalChart.vue > snapshots > renders with single data point 1`] = `"<div class="px-2 pt-2 h-64 rounded border border-gray-100 border-solid" style="height: 10rem;"><canvas class="w-full h-full"></canvas></div>"`;
