// Vitest Snapshot v1, https://vitest.dev/guide/snapshot.html

exports[`LongitudinalChart.vue > snapshots > renders with different task 1`] = `
"<div class="p-2 rounded border border-gray-100 border-solid" data-cy="longitudinal-chart">
  <div class="h-64"><canvas class="w-full h-full"></canvas></div>
  <div class="flex justify-content-center align-items-center gap-2 mt-4 text-xs">
    <div class="rounded-full flex-shrink-0" style="width: 1rem; height: 1rem; background-color: #3b82f6;"></div><span>Assessed</span>
  </div>
</div>"
`;

exports[`LongitudinalChart.vue > snapshots > renders with longitudinal data 1`] = `
"<div class="p-2 rounded border border-gray-100 border-solid" data-cy="longitudinal-chart">
  <div class="h-64"><canvas class="w-full h-full"></canvas></div>
  <div class="flex justify-content-center align-items-center gap-2 mt-4 text-xs">
    <div class="rounded-full flex-shrink-0" style="width: 1rem; height: 1rem; background-color: #3b82f6;"></div><span>Assessed</span>
  </div>
</div>"
`;

exports[`LongitudinalChart.vue > snapshots > renders with single data point 1`] = `
"<div class="p-2 rounded border border-gray-100 border-solid" data-cy="longitudinal-chart">
  <div class="h-64"><canvas class="w-full h-full"></canvas></div>
  <div class="flex justify-content-center align-items-center gap-2 mt-4 text-xs">
    <div class="rounded-full flex-shrink-0" style="width: 1rem; height: 1rem; background-color: #3b82f6;"></div><span>Assessed</span>
  </div>
</div>"
`;
