// Vitest Snapshot v1, https://vitest.dev/guide/snapshot.html

exports[`LongitudinalChart.vue > snapshots > renders with different task 1`] = `
"<div class="p-2 rounded border border-gray-100 border-solid" data-cy="longitudinal-chart">
  <div class="h-64"><canvas class="w-full h-full"></canvas></div>
  <!--v-if-->
</div>"
`;

exports[`LongitudinalChart.vue > snapshots > renders with longitudinal data 1`] = `
"<div class="p-2 rounded border border-gray-100 border-solid" data-cy="longitudinal-chart">
  <div class="h-64"><canvas class="w-full h-full"></canvas></div>
  <!--v-if-->
</div>"
`;

exports[`LongitudinalChart.vue > snapshots > renders with single data point 1`] = `
"<div class="p-2 rounded border border-gray-100 border-solid" data-cy="longitudinal-chart">
  <div class="h-64"><canvas class="w-full h-full"></canvas></div>
  <!--v-if-->
</div>"
`;
